test log
这是个测试文件
